// Jest Snapshot v1, https://goo.gl/fbAQLP

exports[`Test Button Component Should render correctly in DOM 1`] = `ShallowWrapper {}`;
